[insure-withus.co.kr/partcomt001-01/index.html]
[cdn.jsdelivr.net/npm/aos@2.3.4/dist/aos.js]
[cdn.jsdelivr.net/npm/swiper@11/swiper-bundle.min.css]
[cdn.jsdelivr.net/npm/aos@2.3.4/dist/aos.css]
[backblue.gif]
[fade.gif]
[index.html]
[land.withusmk.co.kr/assets/etc/file/web_fonts.css]
[land.withusmk.co.kr/assets/etc/file/selct_arrow.png]
[insure-withus.co.kr/validator.js]
[analytics.tiktok.com/i18n/pixel/events.js]
[land.withusmk.co.kr/assets/stock/oneservice/oneservice03/con1_box01.png]
[land.withusmk.co.kr/assets/stock/oneservice/oneservice03/con2_box05.png]
[land.withusmk.co.kr/assets/stock/oneservice/oneservice03/con2_box06.png]
[land.withusmk.co.kr/assets/stock/oneservice/oneservice03/con3_box01.png]
[land.withusmk.co.kr/assets/stock/oneservice/oneservice03/con3_box02.png]
[land.withusmk.co.kr/assets/stock/oneservice/oneservice03/con3_box03.png]
[land.withusmk.co.kr/assets/stock/oneservice/oneservice03/loading.png]
[insure-withus.co.kr/partcomt001-01/index.html]
[cdn.jsdelivr.net/npm/swiper@11/swiper-bundle.min.css]
[cdn.jsdelivr.net/npm/aos@2.3.4/dist/aos.css]
[cdn.jsdelivr.net/npm/swiper@11/swiper-bundle.min.js]
[land.withusmk.co.kr/assets/etc/file/fonts/GodoM.woff2]
[land.withusmk.co.kr/assets/etc/file/fonts/GodoB.woff2]
[land.withusmk.co.kr/assets/etc/file/fonts/NotoSerifKR.woff]
[land.withusmk.co.kr/assets/etc/file/web_fonts.css]
