[insure-withus.co.kr/partchildt01-01/index.html]
[unpkg.com/aos@2.3.1/dist/aos.css]
[cdn.jsdelivr.net/gh/fonts-archive/Paperlogy/Paperlogy.css]
[backblue.gif]
[fade.gif]
[index.html]
[insure-withus.co.kr/validator.js]
[analytics.tiktok.com/i18n/pixel/events.js]
[insure-withus.co.kr/partchildt01-01/index.html]
[unpkg.com/aos@2.3.1/dist/aos.css]
[unpkg.com/aos@2.3.1/dist/aos.js]
[cdn.jsdelivr.net/gh/fonts-archive/Paperlogy/Paperlogy-1Thin.woff2]
[cdn.jsdelivr.net/gh/fonts-archive/Paperlogy/Paperlogy-1Thin.woff]
[cdn.jsdelivr.net/gh/fonts-archive/Paperlogy/Paperlogy-1Thin.otf]
[cdn.jsdelivr.net/gh/fonts-archive/Paperlogy/Paperlogy-1Thin.ttf]
[cdn.jsdelivr.net/gh/fonts-archive/Paperlogy/Paperlogy-2ExtraLight.woff2]
[cdn.jsdelivr.net/gh/fonts-archive/Paperlogy/Paperlogy-2ExtraLight.woff]
[cdn.jsdelivr.net/gh/fonts-archive/Paperlogy/Paperlogy-2ExtraLight.otf]
[cdn.jsdelivr.net/gh/fonts-archive/Paperlogy/Paperlogy-3Light.woff2]
[cdn.jsdelivr.net/gh/fonts-archive/Paperlogy/Paperlogy-2ExtraLight.ttf]
[cdn.jsdelivr.net/gh/fonts-archive/Paperlogy/Paperlogy-3Light.woff]
[cdn.jsdelivr.net/gh/fonts-archive/Paperlogy/Paperlogy-3Light.otf]
[cdn.jsdelivr.net/gh/fonts-archive/Paperlogy/Paperlogy-3Light.ttf]
[cdn.jsdelivr.net/gh/fonts-archive/Paperlogy/Paperlogy-4Regular.woff2]
[cdn.jsdelivr.net/gh/fonts-archive/Paperlogy/Paperlogy-4Regular.woff]
[cdn.jsdelivr.net/gh/fonts-archive/Paperlogy/Paperlogy-4Regular.otf]
[cdn.jsdelivr.net/gh/fonts-archive/Paperlogy/Paperlogy-4Regular.ttf]
[cdn.jsdelivr.net/gh/fonts-archive/Paperlogy/Paperlogy-5Medium.woff2]
[cdn.jsdelivr.net/gh/fonts-archive/Paperlogy/Paperlogy-5Medium.woff]
[cdn.jsdelivr.net/gh/fonts-archive/Paperlogy/Paperlogy-5Medium.otf]
[cdn.jsdelivr.net/gh/fonts-archive/Paperlogy/Paperlogy-5Medium.ttf]
[cdn.jsdelivr.net/gh/fonts-archive/Paperlogy/Paperlogy-6SemiBold.woff2]
[cdn.jsdelivr.net/gh/fonts-archive/Paperlogy/Paperlogy-6SemiBold.woff]
[cdn.jsdelivr.net/gh/fonts-archive/Paperlogy/Paperlogy-6SemiBold.otf]
[cdn.jsdelivr.net/gh/fonts-archive/Paperlogy/Paperlogy-6SemiBold.ttf]
[cdn.jsdelivr.net/gh/fonts-archive/Paperlogy/Paperlogy-7Bold.woff2]
[cdn.jsdelivr.net/gh/fonts-archive/Paperlogy/Paperlogy-7Bold.woff]
[cdn.jsdelivr.net/gh/fonts-archive/Paperlogy/Paperlogy-7Bold.otf]
[cdn.jsdelivr.net/gh/fonts-archive/Paperlogy/Paperlogy-7Bold.ttf]
[cdn.jsdelivr.net/gh/fonts-archive/Paperlogy/Paperlogy-8ExtraBold.woff2]
[cdn.jsdelivr.net/gh/fonts-archive/Paperlogy/Paperlogy-8ExtraBold.woff]
[cdn.jsdelivr.net/gh/fonts-archive/Paperlogy/Paperlogy-8ExtraBold.otf]
[cdn.jsdelivr.net/gh/fonts-archive/Paperlogy/Paperlogy-8ExtraBold.ttf]
[cdn.jsdelivr.net/gh/fonts-archive/Paperlogy/Paperlogy-9Black.woff2]
[cdn.jsdelivr.net/gh/fonts-archive/Paperlogy/Paperlogy-9Black.woff]
[cdn.jsdelivr.net/gh/fonts-archive/Paperlogy/Paperlogy-9Black.otf]
[cdn.jsdelivr.net/gh/fonts-archive/Paperlogy/Paperlogy.css]
[cdn.jsdelivr.net/gh/fonts-archive/Paperlogy/Paperlogy-9Black.ttf]
